******************************************************************************
                  TI ARM Linker PC v5.1.10                     
******************************************************************************
>> Linked Wed Feb 25 11:43:59 2015

OUTPUT FILE NAME:   <TM4C_I2C_Test.out>
ENTRY POINT SYMBOL: "_c_int00"  address: 00000439


MEMORY CONFIGURATION

         name            origin    length      used     unused   attr    fill
----------------------  --------  ---------  --------  --------  ----  --------
  FLASH                 00000000   00100000  0000059e  000ffa62  R  X
  SRAM                  20000000   00040000  00000218  0003fde8  RW X


SEGMENT ALLOCATION MAP

run origin  load origin   length   init length attrs members
----------  ----------- ---------- ----------- ----- -------
00000000    00000000    000005a0   000005a0    r-x
  00000000    00000000    00000208   00000208    r-- .intvecs
  00000208    00000208    0000035e   0000035e    r-x .text
  00000568    00000568    00000038   00000038    r-- .cinit
20000000    20000000    00000218   00000000    rw-
  20000000    20000000    00000200   00000000    rw- .stack
  20000200    20000200    00000014   00000000    rw- .data
  20000214    20000214    00000004   00000000    rw- .bss


SECTION ALLOCATION MAP

 output                                  attributes/
section   page    origin      length       input sections
--------  ----  ----------  ----------   ----------------
.init_array 
*          0    00000000    00000000     UNINITIALIZED

.intvecs   0    00000000    00000208     
                  00000000    00000208     tm4c1294ncpdt_startup_ccs.obj (.intvecs)

.text      0    00000208    0000035e     
                  00000208    000000a0     main.obj (.text)
                  000002a8    0000009c     rtsv7M4_T_le_v4SPD16_eabi.lib : memcpy_t2.obj (.text)
                  00000344    00000094                                   : auto_init.obj (.text)
                  000003d8    0000005e                                   : copy_decompress_rle.obj (.text)
                  00000436    00000002     --HOLE-- [fill = 0]
                  00000438    00000048                                   : boot.obj (.text)
                  00000480    00000044                                   : cpy_tbl.obj (.text)
                  000004c4    00000044                                   : exit.obj (.text)
                  00000508    00000018                                   : args_main.obj (.text)
                  00000520    00000014                                   : _lock.obj (.text)
                  00000534    00000012                                   : copy_zero_init.obj (.text:decompress:ZI)
                  00000546    0000000e                                   : copy_decompress_none.obj (.text:decompress:none)
                  00000554    0000000c     tm4c1294ncpdt_startup_ccs.obj (.text)
                  00000560    00000006     rtsv7M4_T_le_v4SPD16_eabi.lib : copy_decompress_rle.obj (.text:decompress:rle24)

.cinit     0    00000568    00000038     
                  00000568    0000000f     (.cinit..data.load) [load image, compression = rle]
                  00000577    00000001     --HOLE-- [fill = 0]
                  00000578    0000000c     (__TI_handler_table)
                  00000584    00000004     --HOLE-- [fill = 0]
                  00000588    00000008     (.cinit..bss.load) [load image, compression = zero_init]
                  00000590    00000010     (__TI_cinit_table)

.stack     0    20000000    00000200     UNINITIALIZED
                  20000000    00000200     --HOLE--

.data      0    20000200    00000014     UNINITIALIZED
                  20000200    00000008     rtsv7M4_T_le_v4SPD16_eabi.lib : _lock.obj (.data)
                  20000208    00000008                                   : exit.obj (.data)
                  20000210    00000004                                   : stkdepth_vars.obj (.data)

.bss       0    20000214    00000004     UNINITIALIZED
                  20000214    00000004     (.common:g_ui32SysClock)


LINKER GENERATED COPY TABLES

__TI_cinit_table @ 00000590 records: 2, size/record: 8, table size: 16
	.data: load addr=00000568, load size=0000000f bytes, run addr=20000200, run size=00000014 bytes, compression=rle
	.bss: load addr=00000588, load size=00000008 bytes, run addr=20000214, run size=00000004 bytes, compression=zero_init


LINKER GENERATED HANDLER TABLE

__TI_handler_table @ 00000578 records: 3, size/record: 4, table size: 12
	index: 0, handler: __TI_decompress_rle24
	index: 1, handler: __TI_decompress_none
	index: 2, handler: __TI_zero_init


GLOBAL SYMBOLS: SORTED ALPHABETICALLY BY Name 

address    name
--------   ----
000004c5   C$$EXIT
00000209   ConfigureI2C0
UNDEFED    GPIOPinConfigure
UNDEFED    GPIOPinTypeI2C
UNDEFED    GPIOPinTypeI2CSCL
UNDEFED    I2C0MasterTX
UNDEFED    I2CSlaveEnable
UNDEFED    I2CSlaveInit
00000555   ResetISR
UNDEFED    SHT$$INIT_ARRAY$$Base
UNDEFED    SHT$$INIT_ARRAY$$Limit
UNDEFED    SysCtlClockFreqSet
UNDEFED    SysCtlDelay
UNDEFED    SysCtlPeripheralEnable
20000200   __STACK_END
00000200   __STACK_SIZE
20000200   __STACK_TOP
00000590   __TI_CINIT_Base
000005a0   __TI_CINIT_Limit
00000578   __TI_Handler_Table_Base
00000584   __TI_Handler_Table_Limit
00000001   __TI_args_main
00000345   __TI_auto_init
20000208   __TI_cleanup_ptr
00000547   __TI_decompress_none
00000561   __TI_decompress_rle24
2000020c   __TI_dtors_ptr
00000568   __TI_static_base__
00000535   __TI_zero_init
000002a9   __aeabi_memcpy
000002a9   __aeabi_memcpy4
000002a9   __aeabi_memcpy8
ffffffff   __binit__
ffffffff   __c_args__
20000000   __stack
00000509   _args_main
00000439   _c_int00
20000200   _lock
0000052f   _nop
00000527   _register_lock
00000521   _register_unlock
20000204   _unlock
000004c9   abort
ffffffff   binit
00000481   copy_in
000004d1   exit
00000000   g_pfnVectors
20000214   g_ui32SysClock
00000243   main
20000210   main_func_sp
000002a9   memcpy


GLOBAL SYMBOLS: SORTED BY Symbol Address 

address    name
--------   ----
00000000   g_pfnVectors
00000001   __TI_args_main
00000200   __STACK_SIZE
00000209   ConfigureI2C0
00000243   main
000002a9   __aeabi_memcpy
000002a9   __aeabi_memcpy4
000002a9   __aeabi_memcpy8
000002a9   memcpy
00000345   __TI_auto_init
00000439   _c_int00
00000481   copy_in
000004c5   C$$EXIT
000004c9   abort
000004d1   exit
00000509   _args_main
00000521   _register_unlock
00000527   _register_lock
0000052f   _nop
00000535   __TI_zero_init
00000547   __TI_decompress_none
00000555   ResetISR
00000561   __TI_decompress_rle24
00000568   __TI_static_base__
00000578   __TI_Handler_Table_Base
00000584   __TI_Handler_Table_Limit
00000590   __TI_CINIT_Base
000005a0   __TI_CINIT_Limit
20000000   __stack
20000200   __STACK_END
20000200   __STACK_TOP
20000200   _lock
20000204   _unlock
20000208   __TI_cleanup_ptr
2000020c   __TI_dtors_ptr
20000210   main_func_sp
20000214   g_ui32SysClock
ffffffff   __binit__
ffffffff   __c_args__
ffffffff   binit
UNDEFED    GPIOPinConfigure
UNDEFED    GPIOPinTypeI2C
UNDEFED    GPIOPinTypeI2CSCL
UNDEFED    I2C0MasterTX
UNDEFED    I2CSlaveEnable
UNDEFED    I2CSlaveInit
UNDEFED    SHT$$INIT_ARRAY$$Base
UNDEFED    SHT$$INIT_ARRAY$$Limit
UNDEFED    SysCtlClockFreqSet
UNDEFED    SysCtlDelay
UNDEFED    SysCtlPeripheralEnable

[51 symbols]
