******************************************************************************
                  TI ARM Linker PC v5.1.10                     
******************************************************************************
>> Linked Sun Mar 01 10:45:43 2015

OUTPUT FILE NAME:   <TM4C_I2C_Test.out>
ENTRY POINT SYMBOL: "_c_int00"  address: 00000b79


MEMORY CONFIGURATION

         name            origin    length      used     unused   attr    fill
----------------------  --------  ---------  --------  --------  ----  --------
  FLASH                 00000000   00100000  00000f38  000ff0c8  R  X
  SRAM                  20000000   00040000  00000218  0003fde8  RW X


SEGMENT ALLOCATION MAP

run origin  load origin   length   init length attrs members
----------  ----------- ---------- ----------- ----- -------
00000000    00000000    00000f38   00000f38    r-x
  00000000    00000000    00000208   00000208    r-- .intvecs
  00000208    00000208    00000b34   00000b34    r-x .text
  00000d3c    00000d3c    000001c4   000001c4    r-- .const
  00000f00    00000f00    00000038   00000038    r-- .cinit
20000000    20000000    00000218   00000000    rw-
  20000000    20000000    00000200   00000000    rw- .stack
  20000200    20000200    00000014   00000000    rw- .data
  20000214    20000214    00000004   00000000    rw- .bss


SECTION ALLOCATION MAP

 output                                  attributes/
section   page    origin      length       input sections
--------  ----  ----------  ----------   ----------------
.init_array 
*          0    00000000    00000000     UNINITIALIZED

.intvecs   0    00000000    00000208     
                  00000000    00000208     tm4c1294ncpdt_startup_ccs.obj (.intvecs)

.text      0    00000208    00000b34     
                  00000208    00000358     pinout.obj (.text)
                  00000560    000001fc     driverlib.lib : sysctl.obj (.text:SysCtlClockFreqSet)
                  0000075c    00000130                   : gpio.obj (.text:GPIOPadConfigSet)
                  0000088c    00000114     main.obj (.text)
                  000009a0    0000009c     rtsv7M4_T_le_v4SPD16_eabi.lib : memcpy_t2.obj (.text)
                  00000a3c    00000094                                   : auto_init.obj (.text)
                  00000ad0    0000005e                                   : copy_decompress_rle.obj (.text)
                  00000b2e    00000002     --HOLE-- [fill = 0]
                  00000b30    00000048     driverlib.lib : sysctl.obj (.text:_SysCtlFrequencyGet)
                  00000b78    00000048     rtsv7M4_T_le_v4SPD16_eabi.lib : boot.obj (.text)
                  00000bc0    00000044                                   : cpy_tbl.obj (.text)
                  00000c04    00000044                                   : exit.obj (.text)
                  00000c48    0000002a     driverlib.lib : gpio.obj (.text:GPIODirModeSet)
                  00000c72    00000002     --HOLE-- [fill = 0]
                  00000c74    0000001c                   : sysctl.obj (.text:_SysCtlMemTimingGet)
                  00000c90    00000018     rtsv7M4_T_le_v4SPD16_eabi.lib : args_main.obj (.text)
                  00000ca8    00000014                                   : _lock.obj (.text)
                  00000cbc    00000012     driverlib.lib : gpio.obj (.text:GPIOPinTypeEthernetLED)
                  00000cce    00000012     rtsv7M4_T_le_v4SPD16_eabi.lib : copy_zero_init.obj (.text:decompress:ZI)
                  00000ce0    00000010     driverlib.lib : i2c.obj (.text:I2CSlaveEnable)
                  00000cf0    0000000e                   : i2c.obj (.text:I2CSlaveInit)
                  00000cfe    0000000e     rtsv7M4_T_le_v4SPD16_eabi.lib : copy_decompress_none.obj (.text:decompress:none)
                  00000d0c    0000000c     tm4c1294ncpdt_startup_ccs.obj (.text)
                  00000d18    00000006     driverlib.lib : gpio.obj (.text:GPIOPinRead)
                  00000d1e    00000006                   : gpio.obj (.text:GPIOPinWrite)
                  00000d24    00000006                   : i2c.obj (.text:I2CSlaveDataGet)
                  00000d2a    00000006                   : i2c.obj (.text:I2CSlaveDataPut)
                  00000d30    00000006                   : i2c.obj (.text:I2CSlaveStatus)
                  00000d36    00000006     rtsv7M4_T_le_v4SPD16_eabi.lib : copy_decompress_rle.obj (.text:decompress:rle24)

.const     0    00000d3c    000001c4     
                  00000d3c    00000120     driverlib.lib : sysctl.obj (.const:g_pppui32XTALtoVCO)
                  00000e5c    0000006c                   : sysctl.obj (.const:g_pui32Xtals)
                  00000ec8    00000030                   : sysctl.obj (.const:g_sXTALtoMEMTIM)
                  00000ef8    00000008                   : sysctl.obj (.const)

.cinit     0    00000f00    00000038     
                  00000f00    0000000f     (.cinit..data.load) [load image, compression = rle]
                  00000f0f    00000001     --HOLE-- [fill = 0]
                  00000f10    0000000c     (__TI_handler_table)
                  00000f1c    00000004     --HOLE-- [fill = 0]
                  00000f20    00000008     (.cinit..bss.load) [load image, compression = zero_init]
                  00000f28    00000010     (__TI_cinit_table)

.stack     0    20000000    00000200     UNINITIALIZED
                  20000000    00000200     --HOLE--

.data      0    20000200    00000014     UNINITIALIZED
                  20000200    00000008     rtsv7M4_T_le_v4SPD16_eabi.lib : _lock.obj (.data)
                  20000208    00000008                                   : exit.obj (.data)
                  20000210    00000004                                   : stkdepth_vars.obj (.data)

.bss       0    20000214    00000004     UNINITIALIZED
                  20000214    00000004     (.common:g_ui32SysClock)


LINKER GENERATED COPY TABLES

__TI_cinit_table @ 00000f28 records: 2, size/record: 8, table size: 16
	.data: load addr=00000f00, load size=0000000f bytes, run addr=20000200, run size=00000014 bytes, compression=rle
	.bss: load addr=00000f20, load size=00000008 bytes, run addr=20000214, run size=00000004 bytes, compression=zero_init


LINKER GENERATED HANDLER TABLE

__TI_handler_table @ 00000f10 records: 3, size/record: 4, table size: 12
	index: 0, handler: __TI_decompress_rle24
	index: 1, handler: __TI_decompress_none
	index: 2, handler: __TI_zero_init


GLOBAL SYMBOLS: SORTED ALPHABETICALLY BY Name 

address    name
--------   ----
00000c05   C$$EXIT
0000088d   ConfigureI2C0
00000c49   GPIODirModeSet
0000075d   GPIOPadConfigSet
00000d19   GPIOPinRead
00000cbd   GPIOPinTypeEthernetLED
00000d1f   GPIOPinWrite
00000d25   I2CSlaveDataGet
00000d2b   I2CSlaveDataPut
00000ce1   I2CSlaveEnable
00000cf1   I2CSlaveInit
00000d31   I2CSlaveStatus
00000491   LEDRead
00000401   LEDWrite
00000209   PinoutSet
00000d0d   ResetISR
UNDEFED    SHT$$INIT_ARRAY$$Base
UNDEFED    SHT$$INIT_ARRAY$$Limit
00000561   SysCtlClockFreqSet
20000200   __STACK_END
00000200   __STACK_SIZE
20000200   __STACK_TOP
00000f28   __TI_CINIT_Base
00000f38   __TI_CINIT_Limit
00000f10   __TI_Handler_Table_Base
00000f1c   __TI_Handler_Table_Limit
00000001   __TI_args_main
00000a3d   __TI_auto_init
20000208   __TI_cleanup_ptr
00000cff   __TI_decompress_none
00000d37   __TI_decompress_rle24
2000020c   __TI_dtors_ptr
00000f00   __TI_static_base__
00000ccf   __TI_zero_init
000009a1   __aeabi_memcpy
000009a1   __aeabi_memcpy4
000009a1   __aeabi_memcpy8
ffffffff   __binit__
ffffffff   __c_args__
20000000   __stack
00000c91   _args_main
00000b79   _c_int00
20000200   _lock
00000cb7   _nop
00000caf   _register_lock
00000ca9   _register_unlock
20000204   _unlock
00000c09   abort
ffffffff   binit
00000bc1   copy_in
00000c11   exit
00000000   g_pfnVectors
20000214   g_ui32SysClock
000008eb   main
20000210   main_func_sp
000009a1   memcpy


GLOBAL SYMBOLS: SORTED BY Symbol Address 

address    name
--------   ----
00000000   g_pfnVectors
00000001   __TI_args_main
00000200   __STACK_SIZE
00000209   PinoutSet
00000401   LEDWrite
00000491   LEDRead
00000561   SysCtlClockFreqSet
0000075d   GPIOPadConfigSet
0000088d   ConfigureI2C0
000008eb   main
000009a1   __aeabi_memcpy
000009a1   __aeabi_memcpy4
000009a1   __aeabi_memcpy8
000009a1   memcpy
00000a3d   __TI_auto_init
00000b79   _c_int00
00000bc1   copy_in
00000c05   C$$EXIT
00000c09   abort
00000c11   exit
00000c49   GPIODirModeSet
00000c91   _args_main
00000ca9   _register_unlock
00000caf   _register_lock
00000cb7   _nop
00000cbd   GPIOPinTypeEthernetLED
00000ccf   __TI_zero_init
00000ce1   I2CSlaveEnable
00000cf1   I2CSlaveInit
00000cff   __TI_decompress_none
00000d0d   ResetISR
00000d19   GPIOPinRead
00000d1f   GPIOPinWrite
00000d25   I2CSlaveDataGet
00000d2b   I2CSlaveDataPut
00000d31   I2CSlaveStatus
00000d37   __TI_decompress_rle24
00000f00   __TI_static_base__
00000f10   __TI_Handler_Table_Base
00000f1c   __TI_Handler_Table_Limit
00000f28   __TI_CINIT_Base
00000f38   __TI_CINIT_Limit
20000000   __stack
20000200   __STACK_END
20000200   __STACK_TOP
20000200   _lock
20000204   _unlock
20000208   __TI_cleanup_ptr
2000020c   __TI_dtors_ptr
20000210   main_func_sp
20000214   g_ui32SysClock
ffffffff   __binit__
ffffffff   __c_args__
ffffffff   binit
UNDEFED    SHT$$INIT_ARRAY$$Base
UNDEFED    SHT$$INIT_ARRAY$$Limit

[56 symbols]
